[lab.insightsecurity.com.br/index.html]
[backblue.gif]
[fade.gif]
[index.html]
[lab.insightsecurity.com.br/favicon.ico]
[lab.insightsecurity.com.br/assets/css/screen66a1.css]
[lab.insightsecurity.com.br/content/images/2016/12/BACKGROUND2.jpg]
[lab.insightsecurity.com.br/page/2/index.html]
[lab.insightsecurity.com.br/content/images/2016/08/IMG_20160701_160800.jpg]
[lab.insightsecurity.com.br/rss/index.html]
[lab.insightsecurity.com.br/phishruffus-intelligent-threat-hunter-and-phishing-servers/index.html]
[lab.insightsecurity.com.br/author/jhonathan_davi/index.html]
[lab.insightsecurity.com.br/remote-command-execution-on-jboss-banking-hacking-caixa/index.html]
[code.jquery.com/jquery-1.12.0.min.js]
[lab.insightsecurity.com.br/tag/caixa/index.html]
[lab.insightsecurity.com.br/tag/hacking/index.html]
[www.google-analytics.com/analytics.js]
[lab.insightsecurity.com.br/tag/jboss/index.html]
[lab.insightsecurity.com.br/tag/rce/index.html]
[lab.insightsecurity.com.br/assets/js/jquery.fitvids66a1.js]
[lab.insightsecurity.com.br/tag/exploit/index.html]
[lab.insightsecurity.com.br/index.html]
[lab.insightsecurity.com.br/assets/js/index66a1.js]
[lab.insightsecurity.com.br/assets/fonts/casper-icons3860.eot]
[lab.insightsecurity.com.br/tag/remote-code-execution/index.html]
[lab.insightsecurity.com.br/tag/vulnerabilidade/index.html]
[lab.insightsecurity.com.br/school-hacking-vulnerabilidade-aplicativo-academico-total/index.html]
[lab.insightsecurity.com.br/assets/fonts/casper-icons3860.woff]
[lab.insightsecurity.com.br/tag/app-tag/index.html]
[lab.insightsecurity.com.br/assets/fonts/casper-icons3860.ttf]
[lab.insightsecurity.com.br/tag/mobile/index.html]
[lab.insightsecurity.com.br/assets/css/screen66a1.css]
[lab.insightsecurity.com.br/page/2/index.html]
[lab.insightsecurity.com.br/assets/fonts/casper-icons3860.svg]
[lab.insightsecurity.com.br/tag/bug/index.html]
[lab.insightsecurity.com.br/tag/brasilia/index.html]
[lab.insightsecurity.com.br/subscribe/index.html]
[lab.insightsecurity.com.br/tag/academicototal/index.html]
[lab.insightsecurity.com.br/verificando-atualizacoes-do-processo-seletio-de-cabo-especialista-temporario-2016-2/index.html]
[lab.insightsecurity.com.br/tag/jh00nbr/index.html]
[lab.insightsecurity.com.br/content/images/2017/10/phishruffus.png]
[lab.insightsecurity.com.br/tag/python/index.html]
[lab.insightsecurity.com.br/tag/scripting/index.html]
[lab.insightsecurity.com.br/tag/parsing/index.html]
[lab.insightsecurity.com.br/tag/bot/index.html]
[lab.insightsecurity.com.br/tag/beautifulsoup/index.html]
[lab.insightsecurity.com.br/tag/xpath/index.html]
[lab.insightsecurity.com.br/tag/html/index.html]
[lab.insightsecurity.com.br/tag/exercito/index.html]
[lab.insightsecurity.com.br/consultando-resultado-de-banca-de-direcao-no-detran-df-com-python/index.html]
[lab.insightsecurity.com.br/tag/getran/index.html]
[lab.insightsecurity.com.br/tag/detran/index.html]
[lab.insightsecurity.com.br/tag/detran-df/index.html]
[lab.insightsecurity.com.br/writeup-intercepted-conversations-pt-1-icectf-2016/index.html]
[lab.insightsecurity.com.br/content/images/2017/05/pagar-boleto-internet-banking-da-caixa.png]
[lab.insightsecurity.com.br/phishruffus-intelligent-threat-hunter-and-phishing-servers/index.html]
[insightl4b.disqus.com/embed.js]
[lab.insightsecurity.com.br/tag/writeup/index.html]
[lab.insightsecurity.com.br/tag/ctf/index.html]
[lab.insightsecurity.com.br/tag/icectf/index.html]
[lab.insightsecurity.com.br/content/images/2017/05/15123210_663154783862868_8320394031522452643_o.jpg]
[lab.insightsecurity.com.br/author/jhonathan_davi/index.html]
[2.bp.blogspot.com/-xGy919BMJkM/Uo4h1tgpTyI/AAAAAAAAY5U/Kd9_6rKnQHw/s1600/Critical vulnerability in JBoss Application Servers enables remote Shell.png]
[lab.insightsecurity.com.br/author/jhonathan_davi/page/2/index.html]
[lab.insightsecurity.com.br/tag/rtfm/index.html]
[i.imgur.com/cmm0hZP.png]
[i.imgur.com/fHu8kiW.png]
[i.imgur.com/5mqrTjf.png]
[i.imgur.com/dvhr4rr.png]
[i.imgur.com/v5lF6ZP.png]
[i.imgur.com/n9h8aCS.png]
[lab.insightsecurity.com.br/content/images/2016/12/bug-bounty.jpg]
[lab.insightsecurity.com.br/remote-command-execution-on-jboss-banking-hacking-caixa/index.html]
[lab.insightsecurity.com.br/tag/hacking/index.html]
[lab.insightsecurity.com.br/tag/caixa/index.html]
[lab.insightsecurity.com.br/tag/rce/index.html]
[lab.insightsecurity.com.br/tag/jboss/index.html]
[lab.insightsecurity.com.br/tag/exploit/index.html]
[lab.insightsecurity.com.br/tag/vulnerabilidade/index.html]
[lab.insightsecurity.com.br/tag/remote-code-execution/index.html]
[i.imgur.com/XhGIfyG.jpg]
[i.imgur.com/uY5MQ6a.png]
[i.imgur.com/bEGgWe3.png]
[i.imgur.com/JjCvJ9w.png]
[i.imgur.com/IuvrDw8.png]
[lab.insightsecurity.com.br/content/images/2016/12/exercito.jpg]
[lab.insightsecurity.com.br/school-hacking-vulnerabilidade-aplicativo-academico-total/index.html]
[lab.insightsecurity.com.br/tag/app-tag/index.html]
[lab.insightsecurity.com.br/tag/mobile/index.html]
[lab.insightsecurity.com.br/tag/bug/index.html]
[lab.insightsecurity.com.br/tag/brasilia/index.html]
[lab.insightsecurity.com.br/tag/academicototal/index.html]
[raw.githubusercontent.com/jh00nbr/bot_atualizacoes_eb_cet_2016/master/tele_bot_img.png]
[lab.insightsecurity.com.br/verificando-atualizacoes-do-processo-seletio-de-cabo-especialista-temporario-2016-2/index.html]
[lab.insightsecurity.com.br/content/images/2016/12/DF-Ipva-d-vida-1.jpg]
[lab.insightsecurity.com.br/tag/jh00nbr/index.html]
[lab.insightsecurity.com.br/tag/python/index.html]
[lab.insightsecurity.com.br/tag/scripting/index.html]
[lab.insightsecurity.com.br/tag/parsing/index.html]
[lab.insightsecurity.com.br/tag/bot/index.html]
[lab.insightsecurity.com.br/tag/beautifulsoup/index.html]
[lab.insightsecurity.com.br/tag/xpath/index.html]
[lab.insightsecurity.com.br/tag/html/index.html]
[lab.insightsecurity.com.br/tag/exercito/index.html]
[gist.github.com/jh00nbr/ed8b1c753201663a09fab93d4c0352ec.js]
[lab.insightsecurity.com.br/content/images/2016/08/12920295_594488057375380_794576918817218602_n.jpg]
[lab.insightsecurity.com.br/consultando-resultado-de-banca-de-direcao-no-detran-df-com-python/index.html]
[lab.insightsecurity.com.br/tag/getran/index.html]
[lab.insightsecurity.com.br/tag/detran/index.html]
[lab.insightsecurity.com.br/tag/detran-df/index.html]
[lab.insightsecurity.com.br/assets/fonts/casper-icons3860.svg]
[i.imgur.com/GZ68TG7.png]
[gist.github.com/jh00nbr/639a20643d5330c60fb651800df677a8.js]
[lab.insightsecurity.com.br/writeup-intercepted-conversations-pt-1-icectf-2016/index.html]
[lab.insightsecurity.com.br/tag/writeup/index.html]
[lab.insightsecurity.com.br/tag/ctf/index.html]
[lab.insightsecurity.com.br/tag/icectf/index.html]
[lab.insightsecurity.com.br/tag/rtfm/index.html]
[lab.insightsecurity.com.br/author/jhonathan_davi/page/2/index.html]
[asciinema.org/a/144460.js]
[asciinema.org/a/84528.js]
